Using vips to process variants requires the libvips library. Please install libvips using the instructions on the libvips website.
Using vips to process variants requires the libvips library. Please install libvips using the instructions on the libvips website.
Using vips to process variants requires the libvips library. Please install libvips using the instructions on the libvips website.
Using vips to process variants requires the libvips library. Please install libvips using the instructions on the libvips website.
Using vips to process variants requires the libvips library. Please install libvips using the instructions on the libvips website.
  [1m[35mSQL (0.2ms)[0m  [1m[35mSET search_path TO public /*application='AniMaps'*/[0m
  [1m[35m (288.4ms)[0m  [1m[35mCREATE DATABASE "ani_maps_development" ENCODING = 'unicode' /*application='AniMaps'*/[0m
  [1m[35mSQL (0.1ms)[0m  [1m[35mSET search_path TO public /*application='AniMaps'*/[0m
  [1m[35m (104.3ms)[0m  [1m[35mCREATE DATABASE "ani_maps_test" ENCODING = 'unicode' /*application='AniMaps'*/[0m
Using vips to process variants requires the libvips library. Please install libvips using the instructions on the libvips website.
Started GET "/" for ::1 at 2026-08-02 19:42:04 +0900
  [1m[35m (10.2ms)[0m  [1m[35mCREATE TABLE "schema_migrations" ("version" character varying NOT NULL PRIMARY KEY) /*application='AniMaps'*/[0m
  [1m[35m (6.1ms)[0m  [1m[35mCREATE TABLE "ar_internal_metadata" ("key" character varying NOT NULL PRIMARY KEY, "value" character varying, "created_at" timestamp(6) NOT NULL, "updated_at" timestamp(6) NOT NULL) /*application='AniMaps'*/[0m
  [1m[36mActiveRecord::SchemaMigration Load (0.8ms)[0m  [1m[34mSELECT "schema_migrations"."version" FROM "schema_migrations" ORDER BY "schema_migrations"."version" ASC /*application='AniMaps'*/[0m
Processing by Rails::WelcomeController#index as HTML
  Rendering /home/mat/.rbenv/versions/3.4.9/lib/ruby/gems/3.4.0/gems/railties-8.1.3.1/lib/rails/templates/rails/welcome/index.html.erb
  Rendered /home/mat/.rbenv/versions/3.4.9/lib/ruby/gems/3.4.0/gems/railties-8.1.3.1/lib/rails/templates/rails/welcome/index.html.erb (Duration: 0.6ms | GC: 0.0ms)
Completed 200 OK in 518ms (Views: 84.2ms | ActiveRecord: 0.0ms (0 queries, 0 cached) | GC: 0.0ms)


Using vips to process variants requires the libvips library. Please install libvips using the instructions on the libvips website.
  [1m[36mActiveRecord::SchemaMigration Load (0.6ms)[0m  [1m[34mSELECT "schema_migrations"."version" FROM "schema_migrations" ORDER BY "schema_migrations"."version" ASC /*application='AniMaps'*/[0m
